------------------------------------------------------------
Timing Analyzer Summary
------------------------------------------------------------

Type  : Slow 1100mV 85C Model Setup 'CLOCK_50'
Slack : -12.884
TNS   : -1773.541

Type  : Slow 1100mV 85C Model Setup 'altera_reserved_tck'
Slack : 10.291
TNS   : 0.000

Type  : Slow 1100mV 85C Model Hold 'altera_reserved_tck'
Slack : -4.331
TNS   : -186.270

Type  : Slow 1100mV 85C Model Hold 'CLOCK_50'
Slack : -0.025
TNS   : -0.101

Type  : Slow 1100mV 85C Model Recovery 'altera_reserved_tck'
Slack : 25.535
TNS   : 0.000

Type  : Slow 1100mV 85C Model Removal 'altera_reserved_tck'
Slack : 0.543
TNS   : 0.000

Type  : Slow 1100mV 85C Model Minimum Pulse Width 'u0|audio_pll_0|audio_pll|altera_pll_i|general[0].gpll~FRACTIONAL_PLL|vcoph[0]'
Slack : 0.689
TNS   : 0.000

Type  : Slow 1100mV 85C Model Minimum Pulse Width 'CLOCK_50'
Slack : 8.880
TNS   : 0.000

Type  : Slow 1100mV 85C Model Minimum Pulse Width 'altera_reserved_tck'
Slack : 15.403
TNS   : 0.000

Type  : Slow 1100mV 0C Model Setup 'CLOCK_50'
Slack : -13.058
TNS   : -1782.347

Type  : Slow 1100mV 0C Model Setup 'altera_reserved_tck'
Slack : 10.391
TNS   : 0.000

Type  : Slow 1100mV 0C Model Hold 'altera_reserved_tck'
Slack : -4.199
TNS   : -181.279

Type  : Slow 1100mV 0C Model Hold 'CLOCK_50'
Slack : -0.100
TNS   : -1.157

Type  : Slow 1100mV 0C Model Recovery 'altera_reserved_tck'
Slack : 25.762
TNS   : 0.000

Type  : Slow 1100mV 0C Model Removal 'altera_reserved_tck'
Slack : 0.512
TNS   : 0.000

Type  : Slow 1100mV 0C Model Minimum Pulse Width 'u0|audio_pll_0|audio_pll|altera_pll_i|general[0].gpll~FRACTIONAL_PLL|vcoph[0]'
Slack : 0.689
TNS   : 0.000

Type  : Slow 1100mV 0C Model Minimum Pulse Width 'CLOCK_50'
Slack : 8.910
TNS   : 0.000

Type  : Slow 1100mV 0C Model Minimum Pulse Width 'altera_reserved_tck'
Slack : 15.388
TNS   : 0.000

Type  : Fast 1100mV 85C Model Setup 'CLOCK_50'
Slack : 0.247
TNS   : 0.000

Type  : Fast 1100mV 85C Model Setup 'altera_reserved_tck'
Slack : 13.413
TNS   : 0.000

Type  : Fast 1100mV 85C Model Hold 'altera_reserved_tck'
Slack : -2.434
TNS   : -105.626

Type  : Fast 1100mV 85C Model Hold 'CLOCK_50'
Slack : -0.013
TNS   : -0.043

Type  : Fast 1100mV 85C Model Recovery 'altera_reserved_tck'
Slack : 28.723
TNS   : 0.000

Type  : Fast 1100mV 85C Model Removal 'altera_reserved_tck'
Slack : 0.294
TNS   : 0.000

Type  : Fast 1100mV 85C Model Minimum Pulse Width 'u0|audio_pll_0|audio_pll|altera_pll_i|general[0].gpll~FRACTIONAL_PLL|vcoph[0]'
Slack : 0.689
TNS   : 0.000

Type  : Fast 1100mV 85C Model Minimum Pulse Width 'CLOCK_50'
Slack : 8.485
TNS   : 0.000

Type  : Fast 1100mV 85C Model Minimum Pulse Width 'altera_reserved_tck'
Slack : 14.911
TNS   : 0.000

Type  : Fast 1100mV 0C Model Setup 'CLOCK_50'
Slack : 1.993
TNS   : 0.000

Type  : Fast 1100mV 0C Model Setup 'altera_reserved_tck'
Slack : 13.853
TNS   : 0.000

Type  : Fast 1100mV 0C Model Hold 'altera_reserved_tck'
Slack : -2.324
TNS   : -100.971

Type  : Fast 1100mV 0C Model Hold 'CLOCK_50'
Slack : -0.072
TNS   : -0.820

Type  : Fast 1100mV 0C Model Recovery 'altera_reserved_tck'
Slack : 29.003
TNS   : 0.000

Type  : Fast 1100mV 0C Model Removal 'altera_reserved_tck'
Slack : 0.269
TNS   : 0.000

Type  : Fast 1100mV 0C Model Minimum Pulse Width 'u0|audio_pll_0|audio_pll|altera_pll_i|general[0].gpll~FRACTIONAL_PLL|vcoph[0]'
Slack : 0.689
TNS   : 0.000

Type  : Fast 1100mV 0C Model Minimum Pulse Width 'CLOCK_50'
Slack : 8.437
TNS   : 0.000

Type  : Fast 1100mV 0C Model Minimum Pulse Width 'altera_reserved_tck'
Slack : 14.880
TNS   : 0.000

------------------------------------------------------------
